[General]
FirstMinTempSavedOn=46225

[HDR]
WD PC SN740 SDDQNQD-512G- (488382 MB)_223626805334=17672
CT1000P3PSSD8 (953867 MB)_24234940BA28=1

[HDW]
WD PC SN740 SDDQNQD-512G- (488382 MB)_223626805334=27514
CT1000P3PSSD8 (953867 MB)_24234940BA28=1

[Sta_WD PC SN740 SDDQNQD-512G- (488382 MB)_223626805334]
46225=45,36.24,32,97,35,30444450
MaxTempEverC=50
MaxTempEverCFound=46226.29571,23-07-2026 07:05:49
MinTempEverC=35
MinTempEverCFound=46225.38875,22-07-2026 09:19:48
MaxTempByDriveC=50
Dates=46225,46226
46226=50,44.50,2,97,39,30458753

[Sta_CT1000P3PSSD8 (953867 MB)_24234940BA28]
46225=35,33.02,32,98,28,7470118
MaxTempEverC=35
MaxTempEverCFound=46225.85515,22-07-2026 20:31:24
MinTempEverC=28
MinTempEverCFound=46225.76717,22-07-2026 18:24:43
MaxTempByDriveC=35
Dates=46225,46226
46226=33,32.00,2,98,31,7470118

[CurrentDrives]
DriveList=#0: WD PC SN740 SDDQNQD-512G- {73101100} / 223626805334 (488382 MB)	#1: CT1000P3PSSD8 {P9CR413} / 24234940BA28 (953867 MB)

